2026-03-07 15:48:18,414 [INFO] 【カナダ再トライ処理】を開始します。
2026-03-07 15:48:19,151 [ERROR] DB抽出エラー: ('42S22', "[42S22] [Microsoft][ODBC Driver 17 for SQL Server][SQL Server]列名 'ca_existence' が無効です。 (207) (SQLExecDirectW); [42S22] [Microsoft][ODBC Driver 17 for SQL Server][SQL Server]列名 'ca_existence' が無効です。 (207)")
2026-03-07 15:49:21,253 [INFO] 【カナダ再トライ処理】を開始します。
2026-03-07 15:49:24,319 [INFO] ブランド再確認中(CA): Schott
2026-03-07 15:49:28,480 [INFO] ブランド再確認中(CA): HarperCollins Children's Books
2026-03-07 15:49:55,709 [INFO] 【カナダ再トライ処理】を開始します。
2026-03-07 15:49:58,194 [INFO] ブランド再確認中(CA): Collins
2026-03-07 15:53:22,077 [INFO] 【カナダ再トライ処理】を開始します。
2026-03-07 15:53:24,462 [INFO] ブランド再確認中(CA): Collins
2026-03-07 15:54:54,594 [INFO] 【カナダ再トライ処理】を開始します。
2026-03-07 15:54:56,950 [INFO] ブランド再確認中(CA): HARPERCOLLINSCHILDREN’SBOOKS
2026-03-07 15:55:04,751 [INFO] ブランド再確認中(CA): Tolkien GB
2026-03-07 15:55:11,447 [INFO] ブランド再確認中(CA): Simon & Schuster
2026-03-07 15:55:31,357 [INFO] 【カナダ再トライ処理】を開始します。
2026-03-07 15:55:34,135 [INFO] ブランド再確認中(CA): Simon & Schuster
2026-03-07 15:55:39,687 [INFO] ブランド再確認中(CA): Free Press
2026-03-07 15:55:47,166 [INFO] ブランド再確認中(CA): BILLAUDOT
2026-03-07 15:55:54,725 [INFO] ブランド再確認中(CA): Alphonse Leduc
2026-03-07 15:56:04,109 [INFO] ブランド再確認中(CA): Harper
2026-03-07 15:56:13,549 [INFO] ブランド再確認中(CA): HarperCollins Children's Books
2026-03-07 15:56:27,129 [INFO] ブランド再確認中(CA): McGraw-Hill Education
2026-03-07 15:56:36,488 [INFO] ブランド再確認中(CA): Butterworth-Heinemann
2026-03-07 15:56:46,334 [INFO] ブランド再確認中(CA): Academic Press
2026-03-07 15:56:57,510 [INFO] ブランド再確認中(CA): Morgan Kaufmann
2026-03-07 15:57:06,769 [INFO] ブランド再確認中(CA): ELSEVIER
2026-03-07 15:57:17,032 [INFO] ブランド再確認中(CA): Prentice Hall
2026-03-07 15:57:28,151 [INFO] ブランド再確認中(CA): Pearson Education
2026-03-07 15:57:37,657 [INFO] ブランド再確認中(CA): Addison-Wesley Professional
2026-03-07 15:57:49,199 [INFO] ブランド再確認中(CA): Cisco
2026-03-07 15:57:58,420 [INFO] ブランド再確認中(CA): Penguin
2026-03-07 15:58:08,675 [INFO] ブランド再確認中(CA): Random House Books for Young Readers
2026-03-07 15:58:17,942 [INFO] ブランド再確認中(CA): Oxford University Press, USA
2026-03-07 15:58:29,212 [INFO] ブランド再確認中(CA): Vintage
2026-03-07 15:58:38,582 [INFO] ブランド再確認中(CA): Marvel
2026-03-07 15:58:47,855 [INFO] ブランド再確認中(CA): Wizards of the Coast
2026-03-07 15:58:56,972 [INFO] ブランド再確認中(CA): 講談社
2026-03-07 15:59:06,285 [INFO] ブランド再確認中(CA): Renegade Game Studios
2026-03-07 15:59:11,897 [INFO] ブランド再確認中(CA): Filofax
2026-03-07 15:59:21,126 [INFO] ブランド再確認中(CA): Aetyt
2026-03-07 15:59:30,483 [INFO] ブランド再確認中(CA): Sony
2026-03-07 15:59:39,886 [INFO] ブランド再確認中(CA): ARTISAN
2026-03-07 15:59:49,365 [INFO] ブランド再確認中(CA): Pantone
2026-03-07 16:00:00,123 [INFO] ブランド再確認中(CA): DC Comics
2026-03-07 16:00:10,762 [INFO] ブランド再確認中(CA): Games Workshop
2026-03-07 16:00:20,203 [INFO] ブランド再確認中(CA): 岩波書店
2026-03-07 16:00:25,791 [INFO] ブランド再確認中(CA): KADOKAWA
2026-03-07 16:00:36,425 [INFO] ブランド再確認中(CA): Gakken
2026-03-07 16:00:43,881 [INFO] ブランド再確認中(CA): 集英社
2026-03-07 16:00:53,130 [INFO] ブランド再確認中(CA): 小学館
2026-03-07 16:01:02,758 [INFO] ブランド再確認中(CA): 徳間書店
2026-03-07 16:01:08,337 [INFO] ブランド再確認中(CA): ポプラ社
2026-03-07 16:01:16,639 [INFO] ブランド再確認中(CA): 静山社
2026-03-07 16:01:22,240 [INFO] ブランド再確認中(CA): 飛鳥新社
2026-03-07 16:01:26,066 [INFO] ブランド再確認中(CA): Crimson
2026-03-07 16:01:35,126 [INFO] ブランド再確認中(CA): コロムビアミュージックエンタテインメント
2026-03-07 16:01:45,268 [INFO] ブランド【コロムビアミュージックエンタテインメント】が再判定で出品可能(〇)に昇格しました！
2026-03-07 16:01:45,271 [INFO] ブランド再確認中(CA): Polydor
2026-03-07 16:01:54,455 [INFO] ブランド再確認中(CA): RCA
2026-03-07 16:02:03,635 [INFO] ブランド再確認中(CA): Decca *cl*
2026-03-07 16:02:13,038 [INFO] ブランド再確認中(CA): THQ
2026-03-07 16:02:22,367 [INFO] ブランド再確認中(CA): HP
2026-03-07 16:02:32,668 [INFO] ブランド再確認中(CA): EMI
2026-03-07 16:02:41,774 [INFO] ブランド再確認中(CA): SONY MUSIC
2026-03-07 16:02:52,161 [INFO] ブランド再確認中(CA): Rubbermaid Commercial
2026-03-07 16:03:01,749 [INFO] ブランド再確認中(CA): Deutsche Grammophon
2026-03-07 16:03:12,057 [INFO] ブランド再確認中(CA): PlayStation
2026-03-07 16:03:21,369 [INFO] ブランド再確認中(CA): Import
2026-03-07 16:03:26,963 [INFO] ブランド【Import】が再判定で出品可能(〇)に昇格しました！
2026-03-07 16:03:26,967 [INFO] ブランド再確認中(CA): ラーニング リソーシズ(Learning Resources)
2026-03-07 16:03:36,537 [INFO] ブランド再確認中(CA): Tiffen
2026-03-07 16:03:45,821 [INFO] ブランド再確認中(CA): ブラザー工業
2026-03-07 16:03:59,049 [INFO] ブランド再確認中(CA): エイベックス・ピクチャーズ
2026-03-07 16:04:08,195 [INFO] ブランド再確認中(CA): BMG
2026-03-07 16:04:17,431 [INFO] ブランド再確認中(CA): 日本コロムビア
2026-03-07 16:04:26,622 [INFO] ブランド再確認中(CA): King Records
2026-03-07 16:04:37,727 [INFO] ブランド再確認中(CA): Pioneer
2026-03-07 16:04:46,877 [INFO] ブランド再確認中(CA): ワーナーミュージック・ジャパン
2026-03-07 16:04:56,083 [INFO] ブランド再確認中(CA): Happinet
2026-03-07 16:05:05,426 [INFO] ブランド再確認中(CA): ユニバーサル ミュージック (e)
2026-03-07 16:05:14,811 [INFO] ブランド再確認中(CA): 日本クラウン
2026-03-07 16:05:24,147 [INFO] ブランド再確認中(CA): 東宝
2026-03-07 16:05:33,400 [INFO] ブランド再確認中(CA): ウォルト・ディズニー・ジャパン株式会社
2026-03-07 16:05:42,446 [INFO] ブランド再確認中(CA): ワーナーホームビデオ
2026-03-07 16:05:51,712 [INFO] ブランド再確認中(CA): Lenox
2026-03-07 16:06:01,822 [INFO] ブランド再確認中(CA): Global
2026-03-07 16:06:11,288 [INFO] ブランド再確認中(CA): Rockstar Games
2026-03-07 16:06:22,046 [INFO] ブランド再確認中(CA): Sonic Energy
2026-03-07 16:06:32,380 [INFO] ブランド再確認中(CA): カプコン(CAPCOM)
2026-03-07 16:06:41,453 [INFO] ブランド再確認中(CA): Ubisoft
2026-03-07 16:06:50,583 [INFO] ブランド再確認中(CA): Le Creuset(ル・クルーゼ)
2026-03-07 16:07:00,000 [INFO] ブランド再確認中(CA): TBS
2026-03-07 16:07:10,791 [INFO] ブランド再確認中(CA): NHKエンタープライズ
2026-03-07 16:07:19,936 [INFO] ブランド再確認中(CA): TOMY
2026-03-07 16:07:29,118 [INFO] ブランド再確認中(CA): EAV
2026-03-07 16:07:32,948 [INFO] ブランド再確認中(CA): ボトムアップ
2026-03-07 16:07:38,478 [INFO] ブランド【ボトムアップ】が再判定で出品可能(〇)に昇格しました！
2026-03-07 16:07:38,482 [INFO] ブランド再確認中(CA): ヒューマン
2026-03-07 16:07:44,136 [INFO] ブランド【ヒューマン】が再判定で出品可能(〇)に昇格しました！
2026-03-07 16:07:44,139 [INFO] ブランド再確認中(CA): イマジニア
2026-03-07 16:07:54,356 [INFO] ブランド再確認中(CA): カルチャーブレーン
2026-03-07 16:07:59,968 [INFO] ブランド【カルチャーブレーン】が再判定で出品可能(〇)に昇格しました！
2026-03-07 16:07:59,971 [INFO] ブランド再確認中(CA): パック・イン・ビデオ
2026-03-07 16:08:03,806 [INFO] ブランド再確認中(CA): アスキー
2026-03-07 16:08:10,522 [INFO] ブランド【アスキー】が再判定で出品可能(〇)に昇格しました！
2026-03-07 16:08:10,525 [INFO] ブランド再確認中(CA): アスミック・エース エンタテインメント
2026-03-07 16:08:16,112 [INFO] ブランド【アスミック・エース エンタテインメント】が再判定で出品可能(〇)に昇格しました！
2026-03-07 16:08:16,115 [INFO] ブランド再確認中(CA): KT
2026-03-07 16:08:21,745 [INFO] ブランド【KT】が再判定で出品可能(〇)に昇格しました！
2026-03-07 16:08:21,747 [INFO] ブランド再確認中(CA): サミー
2026-03-07 16:08:27,296 [INFO] ブランド【サミー】が再判定で出品可能(〇)に昇格しました！
2026-03-07 16:08:27,300 [INFO] ブランド再確認中(CA): Hosa
2026-03-07 16:08:36,554 [INFO] ブランド再確認中(CA): アイディアファクトリー
2026-03-07 16:08:45,729 [INFO] ブランド再確認中(CA): MIDWAY
2026-03-07 16:08:55,975 [INFO] ブランド再確認中(CA): Halo
2026-03-07 16:09:05,232 [INFO] ブランド再確認中(CA): トンキンハウス(東京書籍)
2026-03-07 16:09:10,748 [INFO] ブランド【トンキンハウス(東京書籍)】が再判定で出品可能(〇)に昇格しました！
2026-03-07 16:09:10,751 [INFO] ブランド再確認中(CA): SNK
2026-03-07 16:09:16,353 [INFO] ブランド【SNK】が再判定で出品可能(〇)に昇格しました！
2026-03-07 16:09:16,356 [INFO] ブランド再確認中(CA): ビクター インタラクティブ ソフトウエア
2026-03-07 16:09:21,866 [INFO] ブランド【ビクター インタラクティブ ソフトウエア】が再判定で出品可能(〇)に昇格しました！
2026-03-07 16:09:21,869 [INFO] ブランド再確認中(CA): StarTech.com(スターテック)
2026-03-07 16:09:31,711 [INFO] ブランド再確認中(CA): シュナイダーエレクトリック(APC)
2026-03-07 16:09:40,921 [INFO] ブランド再確認中(CA): エム・ティー・オー
2026-03-07 16:09:45,248 [INFO] ブランド再確認中(CA): WITTNER
2026-03-07 16:09:54,653 [INFO] ブランド再確認中(CA): OLYMPUS
2026-03-07 16:10:04,233 [INFO] ブランド再確認中(CA): SKB
2026-03-07 16:10:13,544 [INFO] ブランド再確認中(CA): エンターブレイン
2026-03-07 16:10:19,104 [INFO] ブランド【エンターブレイン】が再判定で出品可能(〇)に昇格しました！
2026-03-07 16:10:19,107 [INFO] ブランド再確認中(CA): ヒサゴ
2026-03-07 16:10:28,612 [INFO] ブランド【ヒサゴ】が再判定で出品可能(〇)に昇格しました！
2026-03-07 16:10:28,616 [INFO] ブランド再確認中(CA): ロジテック
2026-03-07 16:10:34,269 [INFO] ブランド【ロジテック】が再判定で出品可能(〇)に昇格しました！
2026-03-07 16:10:34,272 [INFO] ブランド再確認中(CA): Atari
2026-03-07 16:10:43,485 [INFO] ブランド再確認中(CA): マイヤー(Meyer)
2026-03-07 16:11:00,360 [INFO] ブランド再確認中(CA): ビクターエンタテインメント
2026-03-07 16:11:09,559 [INFO] ブランド再確認中(CA): コンテック(kontec)
2026-03-07 16:11:15,152 [INFO] ブランド【コンテック(kontec)】が再判定で出品可能(〇)に昇格しました！
2026-03-07 16:11:15,156 [INFO] ブランド再確認中(CA): コクヨ(KOKUYO)
2026-03-07 16:11:24,336 [INFO] ブランド再確認中(CA): Kensington
2026-03-07 16:11:33,634 [INFO] ブランド再確認中(CA): Disguise
2026-03-07 16:11:42,750 [INFO] ブランド再確認中(CA): A-one
2026-03-07 16:11:51,944 [INFO] ブランド再確認中(CA): avex trax
2026-03-07 16:12:01,102 [INFO] ブランド再確認中(CA): 2K
2026-03-07 16:12:10,245 [INFO] ブランド再確認中(CA): BAUERFEIND
2026-03-07 16:12:19,784 [INFO] ブランド再確認中(CA): Warner Classics
2026-03-07 16:12:29,058 [INFO] ブランド再確認中(CA): 象印マホービン(ZOJIRUSHI)
2026-03-07 16:12:38,257 [INFO] ブランド再確認中(CA): リーデル(RIEDEL)
2026-03-07 16:12:47,449 [INFO] ブランド再確認中(CA): マンドゥカ(Manduka)
2026-03-07 16:12:57,118 [INFO] ブランド再確認中(CA): XFX
2026-03-07 16:13:06,416 [INFO] ブランド再確認中(CA): Omron
2026-03-07 16:13:19,461 [INFO] ブランド再確認中(CA): carhartt(カーハート)
2026-03-07 16:13:28,998 [INFO] ブランド再確認中(CA): K&N(ケーアンドエヌ)
2026-03-07 16:13:38,274 [INFO] ブランド再確認中(CA): WB
2026-03-07 16:13:47,482 [INFO] ブランド再確認中(CA): タムロン(TAMRON)
2026-03-07 16:13:56,817 [INFO] ブランド再確認中(CA): K&M
2026-03-07 16:14:05,994 [INFO] ブランド再確認中(CA): タミヤ(TAMIYA)
2026-03-07 16:14:15,512 [INFO] ブランド再確認中(CA): OM SYSTEM/オリンパス
2026-03-07 16:14:24,856 [INFO] ブランド再確認中(CA): NEC
2026-03-07 16:14:34,035 [INFO] ブランド再確認中(CA): カネコ
2026-03-07 16:14:39,520 [INFO] ブランド【カネコ】が再判定で出品可能(〇)に昇格しました！
2026-03-07 16:14:39,523 [INFO] ブランド再確認中(CA): ビスコ
2026-03-07 16:14:45,040 [INFO] ブランド【ビスコ】が再判定で出品可能(〇)に昇格しました！
2026-03-07 16:14:45,044 [INFO] ブランド再確認中(CA): Bounty Hunter
2026-03-07 16:14:50,708 [INFO] ブランド再確認中(CA): ジャストシステム
2026-03-07 16:15:08,283 [INFO] ブランド【ジャストシステム】が再判定で出品可能(〇)に昇格しました！
2026-03-07 16:15:08,286 [INFO] ブランド再確認中(CA): GARDENA(ガルデナ)
2026-03-07 16:15:17,798 [INFO] ブランド再確認中(CA): Fluke Networks
2026-03-07 16:15:27,194 [INFO] ブランド再確認中(CA): オプティマムニュートリション(Optimum Nutrition)
2026-03-07 16:15:35,168 [INFO] ブランド再確認中(CA): BORA
2026-03-07 16:15:40,885 [INFO] ブランド再確認中(CA): NETGEAR
2026-03-07 16:15:50,319 [INFO] ブランド再確認中(CA): クニペックス KNIPEX
2026-03-07 16:15:59,484 [INFO] ブランド再確認中(CA): ROTHCO(ロスコ)
2026-03-07 16:16:08,820 [INFO] ブランド再確認中(CA): アイレムソフトウェアエンジニアリング
2026-03-07 16:16:14,456 [INFO] ブランド【アイレムソフトウェアエンジニアリング】が再判定で出品可能(〇)に昇格しました！
2026-03-07 16:16:14,459 [INFO] ブランド再確認中(CA): Leviton
2026-03-07 16:16:21,865 [INFO] ブランド再確認中(CA): Pelican
2026-03-07 16:16:31,367 [INFO] ブランド再確認中(CA): Dr. Harvey's
2026-03-07 16:16:38,915 [INFO] ブランド再確認中(CA): Marshall Pet Products
2026-03-07 16:16:44,651 [INFO] ブランド再確認中(CA): GATOR
2026-03-07 16:16:53,878 [INFO] ブランド再確認中(CA): オンキヨー(Onkyo)
2026-03-07 16:17:03,370 [INFO] ブランド再確認中(CA): バンドーレン(VANDOREN)
2026-03-07 16:17:12,588 [INFO] ブランド再確認中(CA): プロテック(PROTEC)
2026-03-07 16:17:21,892 [INFO] ブランド再確認中(CA): ProTec
2026-03-07 16:17:31,140 [INFO] ブランド再確認中(CA): Epiphone
2026-03-07 16:17:40,470 [INFO] ブランド再確認中(CA): BOSS
2026-03-07 16:17:49,838 [INFO] ブランド再確認中(CA): Zildjian(ジルジャン)
2026-03-07 16:17:59,053 [INFO] ブランド再確認中(CA): HOHNER
2026-03-07 16:18:09,298 [INFO] ブランド再確認中(CA): AURALEX
2026-03-07 16:18:18,666 [INFO] ブランド再確認中(CA): SeymourDuncan
2026-03-07 16:18:28,018 [INFO] ブランド再確認中(CA): Fishman
2026-03-07 16:18:37,263 [INFO] ブランド再確認中(CA): PAISTE
2026-03-07 16:18:46,473 [INFO] ブランド再確認中(CA): Drum Workshop
2026-03-07 16:18:55,766 [INFO] ブランド再確認中(CA): Martin(マーチン)
2026-03-07 16:19:05,029 [INFO] ブランド再確認中(CA): Levy'sLeathers
2026-03-07 16:19:14,214 [INFO] ブランド再確認中(CA): Promark(プロマーク)
2026-03-07 16:19:23,431 [INFO] ブランド再確認中(CA): ギブソン(GIBSON)
2026-03-07 16:19:32,777 [INFO] ブランド再確認中(CA): DiMarzio
2026-03-07 16:19:42,086 [INFO] ブランド再確認中(CA): D'Addario(ダダリオ)
2026-03-07 16:19:51,223 [INFO] ブランド再確認中(CA): tech21
2026-03-07 16:20:00,467 [INFO] ブランド再確認中(CA): CAD Audio
2026-03-07 16:20:07,835 [INFO] ブランド再確認中(CA): SAMSON
2026-03-07 16:20:17,217 [INFO] ブランド再確認中(CA): EVANS
2026-03-07 16:20:26,332 [INFO] ブランド再確認中(CA): AMERICAN DJ
2026-03-07 16:20:35,771 [INFO] ブランド再確認中(CA): Whirlwind
2026-03-07 16:20:45,112 [INFO] ブランド再確認中(CA): RODE
2026-03-07 16:20:54,277 [INFO] ブランド再確認中(CA): Denis Wick
2026-03-07 16:21:03,557 [INFO] ブランド再確認中(CA): Otto Link
2026-03-07 16:21:12,735 [INFO] ブランド再確認中(CA): Bach
2026-03-07 16:21:22,291 [INFO] ブランド再確認中(CA): MACKIE
2026-03-07 16:21:31,462 [INFO] ブランド再確認中(CA): MOGAMI
2026-03-07 16:21:40,636 [INFO] ブランド再確認中(CA): Fender(フェンダー)
2026-03-07 16:21:49,876 [INFO] ブランド再確認中(CA): REMO
2026-03-07 16:21:59,057 [INFO] ブランド再確認中(CA): SABIAN
2026-03-07 16:22:08,327 [INFO] ブランド再確認中(CA): Rhythm Tech
2026-03-07 16:22:15,800 [INFO] ブランド再確認中(CA): PLANETWAVES
2026-03-07 16:22:25,121 [INFO] ブランド再確認中(CA): TOCA
2026-03-07 16:22:34,373 [INFO] ブランド再確認中(CA): ddrum
2026-03-07 16:22:40,249 [INFO] ブランド再確認中(CA): Manhasset
2026-03-07 16:22:49,525 [INFO] ブランド再確認中(CA): OnStage
2026-03-07 16:22:58,778 [INFO] ブランド再確認中(CA): DigiTech
2026-03-07 16:23:08,145 [INFO] ブランド再確認中(CA): VIC FIRTH
2026-03-07 16:23:17,349 [INFO] ブランド再確認中(CA): ROC-N-SOC
2026-03-07 16:23:25,036 [INFO] ブランド再確認中(CA): Roland(ローランド)
2026-03-07 16:23:34,247 [INFO] ブランド再確認中(CA): Behringer（ベリンガー）
2026-03-07 16:23:43,496 [INFO] ブランド再確認中(CA): MXR
2026-03-07 16:23:52,752 [INFO] ブランド再確認中(CA): ROCKTRON
2026-03-07 16:23:58,419 [INFO] ブランド再確認中(CA): インターネット
2026-03-07 16:24:04,062 [INFO] ブランド【インターネット】が再判定で出品可能(〇)に昇格しました！
2026-03-07 16:24:04,065 [INFO] ブランド再確認中(CA): パール(Pearl)
2026-03-07 16:24:13,245 [INFO] ブランド再確認中(CA): E. ROUSSEAU
2026-03-07 16:24:18,913 [INFO] ブランド【E. ROUSSEAU】が再判定で出品可能(〇)に昇格しました！
2026-03-07 16:24:18,918 [INFO] ブランド再確認中(CA): Meinl Percussion
2026-03-07 16:24:28,131 [INFO] ブランド再確認中(CA): Latin Percussion
2026-03-07 16:24:37,310 [INFO] ブランド再確認中(CA): VATER
2026-03-07 16:24:46,462 [INFO] ブランド再確認中(CA): Meinl Cymbals
2026-03-07 16:24:55,598 [INFO] ブランド再確認中(CA): Schilke
2026-03-07 16:25:01,196 [INFO] ブランド【Schilke】が再判定で出品可能(〇)に昇格しました！
2026-03-07 16:25:01,199 [INFO] ブランド再確認中(CA): Thomastik-Infeld
2026-03-07 16:25:10,564 [INFO] ブランド再確認中(CA): Gibraltar
2026-03-07 16:25:19,849 [INFO] ブランド再確認中(CA): La Bella
2026-03-07 16:25:29,291 [INFO] ブランド再確認中(CA): RADIAL
2026-03-07 16:25:38,860 [INFO] ブランド再確認中(CA): MXL
2026-03-07 16:25:48,261 [INFO] ブランド再確認中(CA): Peavey
2026-03-07 16:25:58,033 [INFO] ブランド再確認中(CA): Takamine
2026-03-07 16:26:07,268 [INFO] ブランド再確認中(CA): Ernie Ball
2026-03-07 16:26:16,482 [INFO] ブランド再確認中(CA): AUDIX
2026-03-07 16:26:25,808 [INFO] ブランド再確認中(CA): DBX
2026-03-07 16:26:35,137 [INFO] ブランド再確認中(CA): Mendota Pet
2026-03-07 16:26:44,458 [INFO] ブランド再確認中(CA): Pelikan
2026-03-07 16:26:53,818 [INFO] ブランド再確認中(CA): whirlwind
2026-03-07 16:26:59,409 [INFO] ブランド【whirlwind】が再判定で出品可能(〇)に昇格しました！
2026-03-07 16:26:59,412 [INFO] ブランド再確認中(CA): STEINBERGER
2026-03-07 16:27:09,359 [INFO] ブランド【STEINBERGER】が再判定で出品可能(〇)に昇格しました！
2026-03-07 16:27:09,366 [INFO] ブランド再確認中(CA): Voodoolab
2026-03-07 16:27:18,609 [INFO] ブランド再確認中(CA): Ludwig
2026-03-07 16:27:27,920 [INFO] ブランド再確認中(CA): Neumann
2026-03-07 16:27:37,202 [INFO] ブランド再確認中(CA): メディアファクトリー
2026-03-07 16:27:46,316 [INFO] ブランド再確認中(CA): Innovative Percussion
2026-03-07 16:27:55,670 [INFO] ブランド再確認中(CA): スズキ(Suzuki)
2026-03-07 16:28:05,007 [INFO] ブランド再確認中(CA): SCHECTER
2026-03-07 16:28:14,283 [INFO] ブランド再確認中(CA): EMPEX
2026-03-07 16:28:19,868 [INFO] ブランド【EMPEX】が再判定で出品可能(〇)に昇格しました！
2026-03-07 16:28:19,870 [INFO] ブランド再確認中(CA): Amazon Brand - Umi
2026-03-07 16:28:25,489 [INFO] ブランド【Amazon Brand - Umi】が再判定で出品可能(〇)に昇格しました！
2026-03-07 16:28:25,544 [INFO] ブランド再確認中(CA): データクラフト
2026-03-07 16:28:29,370 [INFO] ブランド再確認中(CA): やのまん(Yanoman)
2026-03-07 16:28:33,204 [INFO] ブランド再確認中(CA): Wacom(ワコム)
2026-03-07 16:28:42,412 [INFO] ブランド再確認中(CA): エー・アンド・デイ(A&D)
2026-03-07 16:28:55,567 [INFO] ブランド再確認中(CA): GSI クレオス(GSI Creos)
2026-03-07 16:29:05,589 [INFO] ブランド再確認中(CA): トミーテック(TOMYTEC)
2026-03-07 16:29:14,983 [INFO] ブランド再確認中(CA): ビルジャック Bil-Jac
2026-03-07 16:29:24,384 [INFO] ブランド再確認中(CA): NaturVet
2026-03-07 16:29:34,101 [INFO] ブランド再確認中(CA): Derwent
2026-03-07 16:29:43,731 [INFO] ブランド再確認中(CA): セラバンド(TheraBand)
2026-03-07 16:29:51,303 [INFO] ブランド再確認中(CA): Yakima
2026-03-07 16:29:56,941 [INFO] ブランド再確認中(CA): ラパラ(Rapala)
2026-03-07 16:30:06,318 [INFO] ブランド再確認中(CA): KEEN(キーン)
2026-03-07 16:30:15,888 [INFO] ブランド再確認中(CA): Levi's(リーバイス)
2026-03-07 16:30:25,280 [INFO] ブランド再確認中(CA): SnooZer
2026-03-07 16:30:32,791 [INFO] ブランド再確認中(CA): GOLDEN
2026-03-07 16:30:42,143 [INFO] ブランド再確認中(CA): Wrangler(ラングラー)
2026-03-07 16:30:51,417 [INFO] ブランド再確認中(CA): RME
2026-03-07 16:31:00,699 [INFO] ブランド再確認中(CA): Earthworks
2026-03-07 16:31:10,888 [INFO] ブランド再確認中(CA): grover
2026-03-07 16:31:20,041 [INFO] ブランド再確認中(CA): 丸岡白舟印舗
2026-03-07 16:31:23,872 [INFO] ブランド再確認中(CA): テストー(Testo)
2026-03-07 16:31:33,280 [INFO] ブランド再確認中(CA): 柳宗理(Yanagi Sori)
2026-03-07 16:31:42,602 [INFO] ブランド再確認中(CA): グローエ(Grohe)
2026-03-07 16:31:51,930 [INFO] ブランド再確認中(CA): Jim Dunlop
2026-03-07 16:32:01,202 [INFO] ブランド再確認中(CA): POLY
2026-03-07 16:32:11,694 [INFO] ブランド再確認中(CA): Denon
2026-03-07 16:32:20,843 [INFO] ブランド再確認中(CA): G7th
2026-03-07 16:32:30,207 [INFO] ブランド再確認中(CA): Xerox
2026-03-07 16:32:43,158 [INFO] ブランド再確認中(CA): DW
2026-03-07 16:32:52,550 [INFO] ブランド再確認中(CA): シグマ(Sigma)
2026-03-07 16:33:00,027 [INFO] ブランド【シグマ(Sigma)】が再判定で出品可能(〇)に昇格しました！
2026-03-07 16:33:00,029 [INFO] ブランド再確認中(CA): INTEX
2026-03-07 16:33:09,686 [INFO] ブランド再確認中(CA): ダイナコムウェア
2026-03-07 16:33:13,537 [INFO] ブランド再確認中(CA): Dickies
2026-03-07 16:33:22,846 [INFO] ブランド再確認中(CA): セガフェイブ(SEGA FAVE)
2026-03-07 16:33:32,155 [INFO] ブランド再確認中(CA): SONOR
2026-03-07 16:33:41,404 [INFO] ブランド再確認中(CA): PROCO
2026-03-07 16:33:50,950 [INFO] ブランド再確認中(CA): LucasArts
2026-03-07 16:34:00,405 [INFO] ブランド再確認中(CA): POLO RALPH LAUREN
2026-03-07 16:34:10,034 [INFO] ブランド再確認中(CA): Bosch
2026-03-07 16:34:19,420 [INFO] ブランド再確認中(CA): Mid-East
2026-03-07 16:34:28,714 [INFO] ブランド再確認中(CA): TOA(ティーオーエー)
2026-03-07 16:34:37,919 [INFO] ブランド再確認中(CA): BLUE BUFFALO
2026-03-07 16:34:47,396 [INFO] ブランド再確認中(CA): 日外アソシエーツ
2026-03-07 16:34:51,207 [INFO] ブランド再確認中(CA): Road Ready
2026-03-07 16:34:56,880 [INFO] ブランド再確認中(CA): Natural Balance
2026-03-07 16:35:06,216 [INFO] ブランド再確認中(CA): DR Strings
2026-03-07 16:35:15,383 [INFO] ブランド再確認中(CA): JodyJazz
2026-03-07 16:35:24,686 [INFO] ブランド再確認中(CA): 弥生
2026-03-07 16:35:30,356 [INFO] ブランド【弥生】が再判定で出品可能(〇)に昇格しました！
2026-03-07 16:35:30,360 [INFO] ブランド再確認中(CA): ロブナー
2026-03-07 16:35:39,730 [INFO] ブランド再確認中(CA): Sony Pictures Home Entertainment
2026-03-07 16:35:48,793 [INFO] ブランド再確認中(CA): トネ(TONE)
2026-03-07 16:35:58,125 [INFO] ブランド再確認中(CA): Playmobil
2026-03-07 16:36:03,777 [INFO] ブランド【Playmobil】が再判定で出品可能(〇)に昇格しました！
2026-03-07 16:36:03,780 [INFO] ブランド再確認中(CA): ラトックシステム
2026-03-07 16:36:09,394 [INFO] ブランド【ラトックシステム】が再判定で出品可能(〇)に昇格しました！
2026-03-07 16:36:09,396 [INFO] ブランド再確認中(CA): MERRELL(メレル)
2026-03-07 16:36:26,696 [INFO] ブランド再確認中(CA): プリムス(PRIMUS)
2026-03-07 16:36:37,320 [INFO] ブランド再確認中(CA): ダイワ(DAIWA)
2026-03-07 16:36:47,059 [INFO] ブランド再確認中(CA): 第一精工
2026-03-07 16:36:56,352 [INFO] ブランド再確認中(CA): SKECHERS(スケッチャーズ)
2026-03-07 16:37:06,088 [INFO] ブランド再確認中(CA): ニッタク(Nittaku)
2026-03-07 16:37:15,875 [INFO] ブランド再確認中(CA): SSK
2026-03-07 16:37:32,886 [INFO] ブランド再確認中(CA): GREGORY(グレゴリー)
2026-03-07 16:37:42,233 [INFO] ブランド再確認中(CA): UniFlame
2026-03-07 16:37:51,857 [INFO] ブランド再確認中(CA): MSR
2026-03-07 16:38:01,284 [INFO] ブランド再確認中(CA): Stagg
2026-03-07 16:38:10,554 [INFO] ブランド再確認中(CA): Star Wars
2026-03-07 16:38:19,832 [INFO] ブランド再確認中(CA): TAMASHII NATIONS
2026-03-07 16:38:30,112 [INFO] ブランド再確認中(CA): Bachmann
2026-03-07 16:38:39,333 [INFO] ブランド再確認中(CA): TASCAM
2026-03-07 16:38:48,723 [INFO] ブランド再確認中(CA): ホーザン(HOZAN)
2026-03-07 16:38:58,016 [INFO] ブランド再確認中(CA): キャプテンスタッグ(CAPTAIN STAG)
2026-03-07 16:39:07,239 [INFO] ブランド再確認中(CA): D3 PUBLISHER
2026-03-07 16:39:16,418 [INFO] ブランド再確認中(CA): RYOBI
2026-03-07 16:39:20,236 [INFO] ブランド再確認中(CA): BLACK+DECKER
2026-03-07 16:39:33,967 [INFO] ブランド再確認中(CA): ロゴヴィスタ
2026-03-07 16:39:53,354 [INFO] ブランド再確認中(CA): STABILO
2026-03-07 16:40:02,746 [INFO] ブランド再確認中(CA): KYB(ケーワイビー)
2026-03-07 16:40:27,278 [INFO] ブランド再確認中(CA): Snuggle Puppy
2026-03-07 16:40:35,008 [INFO] ブランド再確認中(CA): PROTECTIONracket
2026-03-07 16:40:44,241 [INFO] ブランド再確認中(CA): Design Engineering
2026-03-07 16:40:49,876 [INFO] ブランド再確認中(CA): KLEIN TOOLS
2026-03-07 16:40:59,130 [INFO] ブランド再確認中(CA): DUNLOP
2026-03-07 16:41:12,159 [INFO] ブランド再確認中(CA): TOYOTA(トヨタ)
2026-03-07 16:41:21,476 [INFO] ブランド再確認中(CA): TAKUYO
2026-03-07 16:41:27,105 [INFO] ブランド【TAKUYO】が再判定で出品可能(〇)に昇格しました！
2026-03-07 16:41:27,107 [INFO] ブランド再確認中(CA): Artemis
2026-03-07 16:41:40,225 [INFO] ブランド再確認中(CA): ANTEC
2026-03-07 16:41:51,279 [INFO] ブランド再確認中(CA): タカギ(Takagi)
2026-03-07 16:42:05,165 [INFO] ブランド再確認中(CA): BIRKENSTOCK(ビルケンシュトック)
2026-03-07 16:42:14,393 [INFO] ブランド再確認中(CA): AudioQuest
2026-03-07 16:42:23,695 [INFO] ブランド再確認中(CA): ベイヤーダイナミック
2026-03-07 16:42:33,744 [INFO] ブランド再確認中(CA): リットマン(Littmann)
2026-03-07 16:42:43,595 [INFO] ブランド再確認中(CA): ミューラー(Mueller)
2026-03-07 16:42:53,061 [INFO] ブランド再確認中(CA): JVCケンウッド
2026-03-07 16:43:06,081 [INFO] ブランド再確認中(CA): LAMY
2026-03-07 16:43:15,624 [INFO] ブランド再確認中(CA): Fisher-Price
2026-03-07 16:43:25,115 [INFO] ブランド再確認中(CA): コトヴェール
2026-03-07 16:43:28,959 [INFO] ブランド再確認中(CA): マックス
2026-03-07 16:43:38,194 [INFO] ブランド再確認中(CA): NTT西日本
2026-03-07 16:43:42,009 [INFO] ブランド再確認中(CA): PLUS(プラス)
2026-03-07 16:43:51,342 [INFO] ブランド再確認中(CA): Davis Instruments
2026-03-07 16:43:57,003 [INFO] ブランド再確認中(CA): シーゲイト(SEAGATE)
2026-03-07 16:44:06,229 [INFO] ブランド再確認中(CA): Sherpa
2026-03-07 16:44:15,569 [INFO] ブランド再確認中(CA): シマノ(SHIMANO)
2026-03-07 16:44:24,981 [INFO] ブランド再確認中(CA): CITIZEN
2026-03-07 16:44:34,272 [INFO] ブランド再確認中(CA): リッチェル(Richell)
2026-03-07 16:44:51,137 [INFO] ブランド再確認中(CA): Oki Data
2026-03-07 16:45:08,715 [INFO] ブランド【Oki Data】が再判定で出品可能(〇)に昇格しました！
2026-03-07 16:45:08,721 [INFO] ブランド再確認中(CA): ペティオ (Petio)
2026-03-07 16:45:18,157 [INFO] ブランド再確認中(CA): ハイテック マルチプレックス ジャパン(Hitec Multiplex Japan)
2026-03-07 16:45:27,812 [INFO] ブランド再確認中(CA): プロクソン(PROXXON)
2026-03-07 16:45:37,945 [INFO] ブランド再確認中(CA): 生活の木
2026-03-07 16:45:42,493 [INFO] ブランド再確認中(CA): ART
2026-03-07 16:45:51,671 [INFO] ブランド再確認中(CA): ナカバヤシ(Nakabayashi)
2026-03-07 16:46:00,735 [INFO] ブランド再確認中(CA): Bliss(ブリス)
2026-03-07 16:46:05,407 [INFO] ブランド再確認中(CA): Bianchi
2026-03-07 16:46:12,978 [INFO] ブランド再確認中(CA): モチュール(Motul)
2026-03-07 16:46:22,154 [INFO] ブランド再確認中(CA): Redding
2026-03-07 16:46:27,746 [INFO] ブランド再確認中(CA): regalo
2026-03-07 16:46:37,328 [INFO] ブランド再確認中(CA): IBM
2026-03-07 16:46:46,435 [INFO] ブランド再確認中(CA): アルインコ(Alinco)
2026-03-07 16:47:11,913 [INFO] ブランド【アルインコ(Alinco)】が再判定で出品可能(〇)に昇格しました！
2026-03-07 16:47:11,917 [INFO] ブランド再確認中(CA): キングジム(Kingjim)
2026-03-07 16:47:21,171 [INFO] ブランド再確認中(CA): OXO (オクソー)
2026-03-07 16:47:30,483 [INFO] ブランド再確認中(CA): CDI TORQUE PRODUCTS
2026-03-07 16:47:39,825 [INFO] ブランド再確認中(CA): Codemasters
2026-03-07 16:47:49,166 [INFO] ブランド再確認中(CA): カリタ(Kalita)
2026-03-07 16:47:58,410 [INFO] ブランド再確認中(CA): BUSICOM
2026-03-07 16:48:08,734 [INFO] ブランド【BUSICOM】が再判定で出品可能(〇)に昇格しました！
2026-03-07 16:48:08,739 [INFO] ブランド再確認中(CA): 三菱電機(MITSUBISHI ELECTRIC)
2026-03-07 16:48:21,880 [INFO] ブランド再確認中(CA): 岩鋳(Iwachu)
2026-03-07 16:48:31,197 [INFO] ブランド再確認中(CA): Hisonic
2026-03-07 16:48:36,882 [INFO] ブランド再確認中(CA): Barbie
2026-03-07 16:48:47,039 [INFO] ブランド再確認中(CA): WATERMAN
2026-03-07 16:48:56,475 [INFO] ブランド再確認中(CA): マンフロット(Manfrotto)
2026-03-07 16:49:06,068 [INFO] ブランド再確認中(CA): Electro-Harmonix
2026-03-07 16:49:15,401 [INFO] ブランド再確認中(CA): 三和電気計器
2026-03-07 16:49:24,662 [INFO] ブランド再確認中(CA): KAPLA
2026-03-07 16:49:32,275 [INFO] ブランド再確認中(CA): HiKOKI(ハイコーキ)
2026-03-07 16:49:41,499 [INFO] ブランド再確認中(CA): Vans
2026-03-07 16:49:50,733 [INFO] ブランド再確認中(CA): ZOOM(ズーム)
2026-03-07 16:50:00,039 [INFO] ブランド再確認中(CA): Champion Sports
2026-03-07 16:50:09,473 [INFO] ブランド再確認中(CA): ATEN
2026-03-07 16:50:18,882 [INFO] ブランド再確認中(CA): Liquitex
2026-03-07 16:50:28,130 [INFO] ブランド再確認中(CA): Neboka
2026-03-07 16:50:39,648 [INFO] ブランド再確認中(CA): Sekonic
2026-03-07 16:50:47,117 [INFO] ブランド再確認中(CA): Pirastro
2026-03-07 16:50:56,445 [INFO] ブランド再確認中(CA): Roberts
2026-03-07 16:51:04,043 [INFO] ブランド再確認中(CA): CONVERSE(コンバース)
2026-03-07 16:51:13,379 [INFO] ブランド再確認中(CA): L.R.Baggs
2026-03-07 16:51:22,679 [INFO] ブランド再確認中(CA): メデラ
2026-03-07 16:51:32,018 [INFO] ブランド再確認中(CA): ファーバーカステル(Faber-Castell)
2026-03-07 16:51:41,297 [INFO] ブランド再確認中(CA): HYPERKIN
2026-03-07 16:51:50,592 [INFO] ブランド再確認中(CA): Up Country
2026-03-07 16:51:59,921 [INFO] ブランド再確認中(CA): Laney
2026-03-07 16:52:12,957 [INFO] ブランド再確認中(CA): Maxi-Cosi
2026-03-07 16:52:30,727 [INFO] ブランド再確認中(CA): Shadow Electronics
2026-03-07 16:52:39,981 [INFO] ブランド再確認中(CA): RCBS
2026-03-07 16:52:49,280 [INFO] ブランド再確認中(CA): パワーブリーズ(POWER BREATHE)
2026-03-07 16:52:53,129 [INFO] ブランド再確認中(CA): Honeywell
2026-03-07 16:53:00,651 [INFO] ブランド再確認中(CA): ブルーダー(Bruder)
2026-03-07 16:53:10,145 [INFO] ブランド再確認中(CA): Wilson(ウイルソン)
2026-03-07 16:53:19,399 [INFO] ブランド再確認中(CA): スリーエム(3M)
2026-03-07 16:53:28,561 [INFO] ブランド再確認中(CA): CRC
2026-03-07 16:53:34,122 [INFO] ブランド再確認中(CA): Amana Tool
2026-03-07 16:53:43,805 [INFO] ブランド再確認中(CA): アブス(ABUS)
2026-03-07 16:53:53,101 [INFO] ブランド再確認中(CA): アイリスオーヤマ(IRIS OHYAMA)
2026-03-07 16:54:02,484 [INFO] ブランド再確認中(CA): GBC
2026-03-07 16:54:16,041 [INFO] ブランド再確認中(CA): Winsor & Newton
2026-03-07 16:54:25,231 [INFO] ブランド再確認中(CA): K&K Sound
2026-03-07 16:54:34,575 [INFO] ブランド再確認中(CA): SOG
2026-03-07 16:54:40,280 [INFO] ブランド再確認中(CA): アドビ
2026-03-07 16:55:01,110 [INFO] ブランド再確認中(CA): Wacoal MATERNITY(ワコールマタニティ)
2026-03-07 16:55:10,842 [INFO] ブランド【Wacoal MATERNITY(ワコールマタニティ)】が再判定で出品可能(〇)に昇格しました！
2026-03-07 16:55:10,845 [INFO] ブランド再確認中(CA): Avantone
2026-03-07 16:55:20,208 [INFO] ブランド再確認中(CA): BG
2026-03-07 16:55:29,411 [INFO] ブランド再確認中(CA): EMG
2026-03-07 16:55:38,664 [INFO] ブランド再確認中(CA): Dunlop
2026-03-07 16:55:48,056 [INFO] ブランド再確認中(CA): Hughes&Kettner
2026-03-07 16:55:57,339 [INFO] ブランド再確認中(CA): CyberPower
2026-03-07 16:56:08,713 [INFO] ブランド再確認中(CA): プラントイジャパン(PLANTOYS JAPAN)
2026-03-07 16:56:14,442 [INFO] ブランド再確認中(CA): PATRICK(パトリック)
2026-03-07 16:57:57,587 [INFO] ブランド【PATRICK(パトリック)】が再判定で出品可能(〇)に昇格しました！
2026-03-07 16:57:57,592 [INFO] ブランド再確認中(CA): Disney Interactive
2026-03-07 16:58:06,943 [INFO] ブランド再確認中(CA): OKAYA
2026-03-07 16:58:10,777 [INFO] ブランド再確認中(CA): ファイン・ラボ
2026-03-07 16:58:16,412 [INFO] ブランド再確認中(CA): InSinkErator
2026-03-07 16:58:25,580 [INFO] ブランド再確認中(CA): Petmate
2026-03-07 16:58:35,677 [INFO] ブランド再確認中(CA): フォクトレンダー
2026-03-07 16:58:44,928 [INFO] ブランド再確認中(CA): ファープラスト
2026-03-07 16:58:54,405 [INFO] ブランド再確認中(CA): ラファンシーズ
2026-03-07 16:58:58,243 [INFO] ブランド再確認中(CA): The AVIATOR
2026-03-07 16:59:07,711 [INFO] ブランド再確認中(CA): Sierra
2026-03-07 16:59:13,526 [INFO] ブランド再確認中(CA): ミツトヨ(Mitutoyo)
2026-03-07 16:59:22,783 [INFO] ブランド再確認中(CA): 工進(KOSHIN)
2026-03-07 16:59:47,613 [INFO] ブランド【工進(KOSHIN)】が再判定で出品可能(〇)に昇格しました！
2026-03-07 16:59:47,615 [INFO] ブランド再確認中(CA): 京都機械工具(KTC)
2026-03-07 16:59:56,676 [INFO] ブランド再確認中(CA): シンワ測定(Shinwa Sokutei)
2026-03-07 17:00:05,938 [INFO] ブランド再確認中(CA): MCC
2026-03-07 17:00:15,056 [INFO] ブランド再確認中(CA): ITW PP&FJ
2026-03-07 17:00:18,899 [INFO] ブランド再確認中(CA): 日東工器
2026-03-07 17:00:24,487 [INFO] ブランド【日東工器】が再判定で出品可能(〇)に昇格しました！
2026-03-07 17:00:24,496 [INFO] ブランド再確認中(CA): 寺田ポンプ製作所
2026-03-07 17:00:45,728 [INFO] ブランド【寺田ポンプ製作所】が再判定で出品可能(〇)に昇格しました！
2026-03-07 17:00:45,731 [INFO] ブランド再確認中(CA): クックパー
2026-03-07 17:00:49,563 [INFO] ブランド再確認中(CA): Tsurumi Pump
2026-03-07 17:01:19,475 [INFO] ブランド再確認中(CA): 白光(HAKKO)
2026-03-07 17:01:28,651 [INFO] ブランド再確認中(CA): Taylor
2026-03-07 17:01:38,126 [INFO] ブランド再確認中(CA): トラスコ中山(TRUSCO)
2026-03-07 17:01:47,333 [INFO] ブランド再確認中(CA): タンガロイ
2026-03-07 17:03:27,409 [INFO] ブランド再確認中(CA): STENTOR
2026-03-07 17:03:36,806 [INFO] ブランド再確認中(CA): MAXON
2026-03-07 17:03:46,187 [INFO] ブランド再確認中(CA): Line 6
2026-03-07 17:03:55,595 [INFO] ブランド再確認中(CA): KC(ケーシー)
2026-03-07 17:04:01,187 [INFO] ブランド【KC(ケーシー)】が再判定で出品可能(〇)に昇格しました！
2026-03-07 17:04:01,190 [INFO] ブランド再確認中(CA): Thrustmaster
2026-03-07 17:04:10,808 [INFO] ブランド再確認中(CA): Replogle
2026-03-07 17:04:16,444 [INFO] ブランド再確認中(CA): シュワルベ(SCHWALBE)
2026-03-07 17:04:25,690 [INFO] ブランド再確認中(CA): ALPHA INDUSTRIES INC(アルファ インダストリーズ)
2026-03-07 17:04:35,045 [INFO] ブランド再確認中(CA): WD-40
2026-03-07 17:04:38,866 [INFO] ブランド再確認中(CA): 積水樹脂
2026-03-07 17:04:42,728 [INFO] ブランド再確認中(CA): Prince(プリンス)
2026-03-07 17:04:57,231 [INFO] ブランド再確認中(CA): CANOPUS
2026-03-07 17:05:10,520 [INFO] ブランド再確認中(CA): BLACKSTAR
2026-03-07 17:05:21,461 [INFO] ブランド再確認中(CA): HALDER
2026-03-07 17:05:28,972 [INFO] ブランド再確認中(CA): MAXTONE
2026-03-07 17:05:34,568 [INFO] ブランド【MAXTONE】が再判定で出品可能(〇)に昇格しました！
2026-03-07 17:05:34,571 [INFO] ブランド再確認中(CA): LARSEN STRINGS
2026-03-07 17:05:42,260 [INFO] ブランド【LARSEN STRINGS】が再判定で出品可能(〇)に昇格しました！
2026-03-07 17:05:42,263 [INFO] ブランド再確認中(CA): Vivendi
2026-03-07 17:05:47,843 [INFO] ブランド【Vivendi】が再判定で出品可能(〇)に昇格しました！
2026-03-07 17:05:47,847 [INFO] ブランド再確認中(CA): エーハイム
2026-03-07 17:06:06,933 [INFO] ブランド再確認中(CA): クレッシー(Cressi)
2026-03-07 17:06:16,332 [INFO] ブランド再確認中(CA): Gerber
2026-03-07 17:06:26,295 [INFO] ブランド再確認中(CA): HOLBEIN
2026-03-07 17:06:39,423 [INFO] ブランド再確認中(CA): アークシステムワークス
2026-03-07 17:06:48,580 [INFO] ブランド再確認中(CA): Snugpak(スナグパック)
2026-03-07 17:06:57,798 [INFO] ブランド再確認中(CA): Versa Gripps
2026-03-07 17:07:07,365 [INFO] ブランド再確認中(CA): Timberland(ティンバーランド)
2026-03-07 17:07:16,651 [INFO] ブランド再確認中(CA): SHUBB
2026-03-07 17:07:26,444 [INFO] ブランド再確認中(CA): ウチダ(Uchida)
2026-03-07 17:07:32,101 [INFO] ブランド【ウチダ(Uchida)】が再判定で出品可能(〇)に昇格しました！
2026-03-07 17:07:32,108 [INFO] ブランド再確認中(CA): Dr.Martens(ドクターマーチン)
2026-03-07 17:07:41,491 [INFO] ブランド再確認中(CA): イケヒコ・コーポレーション
2026-03-07 17:08:06,190 [INFO] ブランド再確認中(CA): カーテンくれない
2026-03-07 17:11:00,709 [INFO] ブランド再確認中(CA): Crocs
2026-03-07 17:11:10,024 [INFO] ブランド再確認中(CA): 東日製作所
2026-03-07 17:11:20,054 [INFO] ブランド再確認中(CA): パトライト(PATLITE)
2026-03-07 17:12:20,383 [INFO] ブランド【パトライト(PATLITE)】が再判定で出品可能(〇)に昇格しました！
2026-03-07 17:12:20,386 [INFO] ブランド再確認中(CA): タイタン(TITAN)
2026-03-07 17:13:14,235 [INFO] ブランド【タイタン(TITAN)】が再判定で出品可能(〇)に昇格しました！
2026-03-07 17:13:14,239 [INFO] ブランド再確認中(CA): スズキッド(SUZUKID)
2026-03-07 17:13:19,811 [INFO] ブランド【スズキッド(SUZUKID)】が再判定で出品可能(〇)に昇格しました！
2026-03-07 17:13:19,813 [INFO] ブランド再確認中(CA): Talens
2026-03-07 17:13:29,149 [INFO] ブランド再確認中(CA): デフィ(Defi)
2026-03-07 17:13:38,470 [INFO] ブランド再確認中(CA): カランダッシュ(Caran d'Ache)
2026-03-07 17:13:48,206 [INFO] ブランド再確認中(CA): LOCTITE
2026-03-07 17:13:57,347 [INFO] ブランド再確認中(CA): FJALL RAVEN(フェールラーベン)
2026-03-07 17:14:06,830 [INFO] ブランド再確認中(CA): PLAYTECH
2026-03-07 17:14:50,183 [INFO] ブランド【PLAYTECH】が再判定で出品可能(〇)に昇格しました！
2026-03-07 17:14:50,186 [INFO] ブランド再確認中(CA): ミソノ(Misono)
2026-03-07 17:15:00,543 [INFO] ブランド再確認中(CA): ホリズォン
2026-03-07 17:15:06,101 [INFO] ブランド【ホリズォン】が再判定で出品可能(〇)に昇格しました！
2026-03-07 17:15:06,103 [INFO] ブランド再確認中(CA): HARRISON
2026-03-07 17:15:15,469 [INFO] ブランド【HARRISON】が再判定で出品可能(〇)に昇格しました！
2026-03-07 17:15:15,472 [INFO] ブランド再確認中(CA): TAMA(タマ)
2026-03-07 17:15:24,509 [INFO] ブランド再確認中(CA): Aria
2026-03-07 17:15:33,783 [INFO] ブランド再確認中(CA): CLASSIC PRO
2026-03-07 17:16:18,943 [INFO] ブランド再確認中(CA): Lemnos (レムノス)
2026-03-07 17:16:28,943 [INFO] ブランド再確認中(CA): Arches
2026-03-07 17:16:38,219 [INFO] ブランド再確認中(CA): フジキ
2026-03-07 17:16:47,711 [INFO] ブランド【フジキ】が再判定で出品可能(〇)に昇格しました！
2026-03-07 17:16:47,714 [INFO] ブランド再確認中(CA): Z.VEX
2026-03-07 17:16:57,347 [INFO] ブランド再確認中(CA): Electro-Voice
2026-03-07 17:17:06,691 [INFO] ブランド再確認中(CA): Bärenreiter
2026-03-07 17:17:12,327 [INFO] ブランド再確認中(CA): 市場(Marche)
2026-03-07 17:17:17,939 [INFO] ブランド【市場(Marche)】が再判定で出品可能(〇)に昇格しました！
2026-03-07 17:17:17,945 [INFO] ブランド再確認中(CA): EA SPORTS
2026-03-07 17:17:27,090 [INFO] ブランド再確認中(CA): イービーエム(EBM)
2026-03-07 17:17:36,457 [INFO] ブランド再確認中(CA): ハンコック(Hankook)
2026-03-07 17:17:45,693 [INFO] ブランド再確認中(CA): ネクスタイル(Nextyle)
2026-03-07 17:17:52,577 [INFO] ブランド【ネクスタイル(Nextyle)】が再判定で出品可能(〇)に昇格しました！
2026-03-07 17:17:52,580 [INFO] ブランド再確認中(CA): SANEI(サンエイ)
2026-03-07 17:18:02,156 [INFO] ブランド【SANEI(サンエイ)】が再判定で出品可能(〇)に昇格しました！
2026-03-07 17:18:02,158 [INFO] ブランド再確認中(CA): GIGABYTE
2026-03-07 17:18:11,455 [INFO] ブランド再確認中(CA): 天馬(Tenma)
2026-03-07 17:18:21,136 [INFO] ブランド【天馬(Tenma)】が再判定で出品可能(〇)に昇格しました！
2026-03-07 17:18:21,139 [INFO] ブランド再確認中(CA): NICHIBAN ニチバン
2026-03-07 17:18:30,241 [INFO] ブランド再確認中(CA): Fissler(フィスラー)
2026-03-07 17:18:40,502 [INFO] ブランド再確認中(CA): Pignose
2026-03-07 17:18:46,078 [INFO] ブランド【Pignose】が再判定で出品可能(〇)に昇格しました！
2026-03-07 17:18:46,081 [INFO] ブランド再確認中(CA): セイコーインスツル
2026-03-07 17:18:51,679 [INFO] ブランド【セイコーインスツル】が再判定で出品可能(〇)に昇格しました！
2026-03-07 17:18:51,682 [INFO] ブランド再確認中(CA): リポビタン
2026-03-07 17:18:55,501 [INFO] ブランド再確認中(CA): Nord
2026-03-07 17:19:04,825 [INFO] ブランド再確認中(CA): NBCユニバーサル・エンターテイメントジャパン(LAQ)
2026-03-07 17:19:10,395 [INFO] ブランド【NBCユニバーサル・エンターテイメントジャパン(LAQ)】が再判定で出品可能(〇)に昇格しました！
2026-03-07 17:19:10,399 [INFO] ブランド再確認中(CA): 青木刃物製作所
2026-03-07 17:19:18,037 [INFO] ブランド再確認中(CA): アサヒペン(Asahipen)
2026-03-07 17:19:58,066 [INFO] ブランド再確認中(CA): Solutions 2 GO
2026-03-07 17:20:07,627 [INFO] ブランド再確認中(CA): FURMAN
2026-03-07 17:20:17,054 [INFO] ブランド再確認中(CA): PARKTOOL(パークツール)
2026-03-07 17:20:22,667 [INFO] ブランド再確認中(CA): ステッドラー(STAEDTLER)
2026-03-07 17:20:31,789 [INFO] ブランド再確認中(CA): カトー(KATO)
2026-03-07 17:20:41,039 [INFO] ブランド再確認中(CA): SASAKI(ササキ)
2026-03-07 17:20:51,201 [INFO] ブランド再確認中(CA): Waste King
2026-03-07 17:20:58,782 [INFO] ブランド再確認中(CA): NOW
2026-03-07 17:21:02,575 [INFO] ブランド再確認中(CA): リズム(RHYTHM)
2026-03-07 17:21:11,971 [INFO] ブランド再確認中(CA): Logitech G
2026-03-07 17:21:21,326 [INFO] ブランド再確認中(CA): Clover
2026-03-07 17:21:28,825 [INFO] ブランド再確認中(CA): Vortex
2026-03-07 17:21:38,066 [INFO] ブランド再確認中(CA): パオック(PAOCK)
2026-03-07 17:21:47,552 [INFO] ブランド再確認中(CA): Jelly Cat
2026-03-07 17:21:56,895 [INFO] ブランド再確認中(CA): Sunny Health & Fitness
2026-03-07 17:22:07,993 [INFO] ブランド再確認中(CA): SPORTH(スポルス)
2026-03-07 17:22:30,426 [INFO] ブランド【SPORTH(スポルス)】が再判定で出品可能(〇)に昇格しました！
2026-03-07 17:22:30,429 [INFO] ブランド再確認中(CA): Marcato
2026-03-07 17:22:40,638 [INFO] ブランド再確認中(CA): Kala
2026-03-07 17:22:49,878 [INFO] ブランド再確認中(CA): メガハウス(MegaHouse)
2026-03-07 17:22:59,208 [INFO] ブランド再確認中(CA): Interlux
2026-03-07 17:23:06,678 [INFO] ブランド再確認中(CA): Honda
2026-03-07 17:23:15,806 [INFO] ブランド【Honda】が再判定で出品可能(〇)に昇格しました！
2026-03-07 17:23:15,809 [INFO] ブランド再確認中(CA): Iwata
2026-03-07 17:23:21,438 [INFO] ブランド再確認中(CA): Rycote
2026-03-07 17:23:30,753 [INFO] ブランド再確認中(CA): ORANGE
2026-03-07 17:23:40,010 [INFO] ブランド再確認中(CA): Fulltone
2026-03-07 17:23:49,368 [INFO] ブランド再確認中(CA): Maxell
2026-03-07 17:24:01,399 [INFO] ブランド再確認中(CA): SEIKO SELECTION(セイコー セレクション)
2026-03-07 17:24:10,702 [INFO] ブランド再確認中(CA): Stahlwille
2026-03-07 17:24:20,123 [INFO] ブランド再確認中(CA): Delta
2026-03-07 17:24:29,312 [INFO] ブランド再確認中(CA): ユタカ電機製作所(Yutaka Electric Mfg)
2026-03-07 17:24:33,132 [INFO] ブランド再確認中(CA): Manhattan Portage(マンハッタンポーテージ)
2026-03-07 17:24:42,512 [INFO] ブランド再確認中(CA): K-Tek
2026-03-07 17:24:49,962 [INFO] ブランド再確認中(CA): ALLEN&HEATH
2026-03-07 17:25:00,171 [INFO] ブランド再確認中(CA): HAZET(ハゼット)
2026-03-07 17:25:11,039 [INFO] ブランド再確認中(CA): 金秀バイオ
2026-03-07 17:25:16,721 [INFO] ブランド再確認中(CA): danfoss
2026-03-07 17:25:24,205 [INFO] ブランド再確認中(CA): モルテン(molten)
2026-03-07 17:25:37,814 [INFO] ブランド再確認中(CA): little tikes(リトルタイクス)
2026-03-07 17:25:47,212 [INFO] ブランド再確認中(CA): ウェッジウッド(Wedgwood)
2026-03-07 17:25:56,514 [INFO] ブランド再確認中(CA): Heil Sound
2026-03-07 17:26:05,892 [INFO] ブランド再確認中(CA): TRIXIE
2026-03-07 17:26:15,124 [INFO] ブランド再確認中(CA): 近与(KONYO)
2026-03-07 17:26:20,857 [INFO] ブランド再確認中(CA): Bushnell
2026-03-07 17:26:30,690 [INFO] ブランド再確認中(CA): Yaesu
2026-03-07 17:26:38,603 [INFO] ブランド再確認中(CA): ミニマルランド
2026-03-07 17:26:46,280 [INFO] ブランド再確認中(CA): asics(アシックス)
2026-03-07 17:27:18,649 [INFO] ブランド再確認中(CA): ハリケーン
2026-03-07 17:27:28,144 [INFO] ブランド【ハリケーン】が再判定で出品可能(〇)に昇格しました！
2026-03-07 17:27:28,146 [INFO] ブランド再確認中(CA): エフェックス(EFFEX)
2026-03-07 17:28:00,654 [INFO] ブランド再確認中(CA): Xseed(World)
2026-03-07 17:28:09,853 [INFO] ブランド再確認中(CA): 株式会社ウチダ和漢薬
2026-03-07 17:28:13,667 [INFO] ブランド再確認中(CA): インテル
2026-03-07 17:28:22,889 [INFO] ブランド再確認中(CA): デイトナ(Daytona)
2026-03-07 17:28:36,080 [INFO] ブランド再確認中(CA): RK Takasago Chain Japan
2026-03-07 17:29:01,113 [INFO] ブランド【RK Takasago Chain Japan】が再判定で出品可能(〇)に昇格しました！
2026-03-07 17:29:01,121 [INFO] ブランド再確認中(CA): スウェッジライン(Swage Line)
2026-03-07 17:31:54,737 [INFO] ブランド再確認中(CA): PB SWISS TOOLS
2026-03-07 17:32:04,026 [INFO] ブランド再確認中(CA): TOP
2026-03-07 17:32:15,338 [INFO] ブランド【TOP】が再判定で出品可能(〇)に昇格しました！
2026-03-07 17:32:15,342 [INFO] ブランド再確認中(CA): エーシーパフォーマンスライン
2026-03-07 17:38:33,259 [INFO] ブランド再確認中(CA): 新潟精機(Niigataseiki)
2026-03-07 17:38:42,522 [INFO] ブランド再確認中(CA): スイデン(Suiden)
2026-03-07 17:39:04,210 [INFO] ブランド【スイデン(Suiden)】が再判定で出品可能(〇)に昇格しました！
2026-03-07 17:39:04,213 [INFO] ブランド再確認中(CA): 石川製作所(Ishikawa Seisakusho)
2026-03-07 17:39:08,035 [INFO] ブランド再確認中(CA): 共立電気計器
2026-03-07 17:39:17,471 [INFO] ブランド【共立電気計器】が再判定で出品可能(〇)に昇格しました！
2026-03-07 17:39:17,474 [INFO] ブランド再確認中(CA): 三井化学
2026-03-07 17:39:21,295 [INFO] ブランド再確認中(CA): キトー(KITO)
2026-03-07 17:39:34,276 [INFO] ブランド再確認中(CA): カクダイ(KAKUDAI)
2026-03-07 17:39:51,448 [INFO] ブランド【カクダイ(KAKUDAI)】が再判定で出品可能(〇)に昇格しました！
2026-03-07 17:39:51,450 [INFO] ブランド再確認中(CA): ENGINEER
2026-03-07 17:40:00,618 [INFO] ブランド再確認中(CA): ESP
2026-03-07 17:40:04,444 [INFO] ブランド再確認中(CA): Imports
2026-03-07 17:40:13,566 [INFO] ブランド再確認中(CA): 呉竹(Kuretake)
2026-03-07 17:40:22,752 [INFO] ブランド再確認中(CA): AMPEG
2026-03-07 17:40:32,398 [INFO] ブランド再確認中(CA): 3B Scientific
2026-03-07 17:40:41,820 [INFO] ブランド再確認中(CA): エムケー精工(MK Seiko)
2026-03-07 17:40:51,108 [INFO] ブランド再確認中(CA): コミネ(KOMINE)
2026-03-07 17:41:04,203 [INFO] ブランド再確認中(CA): アライ(Arai)
2026-03-07 17:41:13,441 [INFO] ブランド再確認中(CA): ヨシムラ(YOSHIMURA)
2026-03-07 17:41:22,747 [INFO] ブランド再確認中(CA): ビームス(Beams)
2026-03-07 17:41:34,554 [INFO] ブランド再確認中(CA): ミシュラン(Michelin)
2026-03-07 17:41:51,472 [INFO] ブランド再確認中(CA): Destineer
2026-03-07 17:41:58,933 [INFO] ブランド再確認中(CA): YARRAH
2026-03-07 17:42:04,516 [INFO] ブランド【YARRAH】が再判定で出品可能(〇)に昇格しました！
2026-03-07 17:42:04,524 [INFO] ブランド再確認中(CA): Lehle
2026-03-07 17:42:13,813 [INFO] ブランド再確認中(CA): ボンビアルコン (Bonbi)
2026-03-07 17:42:19,492 [INFO] ブランド【ボンビアルコン (Bonbi)】が再判定で出品可能(〇)に昇格しました！
2026-03-07 17:42:19,494 [INFO] ブランド再確認中(CA): Dacasso
2026-03-07 17:42:25,180 [INFO] ブランド再確認中(CA): ズプリーム (ZuPreem)
2026-03-07 17:42:34,658 [INFO] ブランド再確認中(CA): Blackmagic Design
2026-03-07 17:42:44,194 [INFO] ブランド再確認中(CA): Allparts
2026-03-07 17:42:53,373 [INFO] ブランド再確認中(CA): 見聞堂株式会社
2026-03-07 17:42:57,200 [INFO] ブランド再確認中(CA): Igloo
2026-03-07 17:43:06,725 [INFO] ブランド再確認中(CA): セーラー万年筆
2026-03-07 17:43:15,947 [INFO] ブランド再確認中(CA): Dr. Ph. Martin's
2026-03-07 17:43:21,803 [INFO] ブランド再確認中(CA): FALLER
2026-03-07 17:43:27,499 [INFO] ブランド再確認中(CA): シャチハタ(Shachihata)
2026-03-07 17:43:35,052 [INFO] ブランド再確認中(CA): アイ・ソネックス
2026-03-07 17:43:38,872 [INFO] ブランド再確認中(CA): MoonStar(ムーンスター)
2026-03-07 17:44:47,753 [INFO] ブランド【MoonStar(ムーンスター)】が再判定で出品可能(〇)に昇格しました！
2026-03-07 17:44:47,755 [INFO] ブランド再確認中(CA): パナソニックエイジフリーライフテック
2026-03-07 17:44:58,233 [INFO] ブランド【パナソニックエイジフリーライフテック】が再判定で出品可能(〇)に昇格しました！
2026-03-07 17:44:58,236 [INFO] ブランド再確認中(CA): SHINKIGOSEI
2026-03-07 17:45:05,962 [INFO] ブランド再確認中(CA): メリタ(Melitta)
2026-03-07 17:45:09,797 [INFO] ブランド再確認中(CA): Dakota(ダコタ)
2026-03-07 17:45:19,262 [INFO] ブランド【Dakota(ダコタ)】が再判定で出品可能(〇)に昇格しました！
2026-03-07 17:45:19,265 [INFO] ブランド再確認中(CA): Ergotron
2026-03-07 17:45:28,580 [INFO] ブランド再確認中(CA): SOREL(ソレル)
2026-03-07 17:45:37,791 [INFO] ブランド再確認中(CA): KVK
2026-03-07 17:45:43,392 [INFO] ブランド【KVK】が再判定で出品可能(〇)に昇格しました！
2026-03-07 17:45:43,400 [INFO] ブランド再確認中(CA): Synology
2026-03-07 17:45:52,693 [INFO] ブランド再確認中(CA): ソリマチ
2026-03-07 17:46:05,998 [INFO] ブランド【ソリマチ】が再判定で出品可能(〇)に昇格しました！
2026-03-07 17:46:06,001 [INFO] ブランド再確認中(CA): 野中製作所
2026-03-07 17:46:15,275 [INFO] ブランド再確認中(CA): テンピュール(Tempur)
2026-03-07 17:46:24,646 [INFO] ブランド再確認中(CA): ハマナカ(HAMANAKA)
2026-03-07 17:46:30,205 [INFO] ブランド【ハマナカ(HAMANAKA)】が再判定で出品可能(〇)に昇格しました！
2026-03-07 17:46:30,208 [INFO] ブランド再確認中(CA): Ultimate Support
2026-03-07 17:46:39,437 [INFO] ブランド再確認中(CA): Koch Media
2026-03-07 17:46:48,614 [INFO] ブランド再確認中(CA): PFU
2026-03-07 17:46:54,237 [INFO] ブランド再確認中(CA): NGK
2026-03-07 17:47:03,488 [INFO] ブランド再確認中(CA): 天使のつばさ
2026-03-07 17:47:07,313 [INFO] ブランド再確認中(CA): ラウディブッシュ
2026-03-07 17:47:13,021 [INFO] ブランド再確認中(CA): Cordoba
2026-03-07 17:47:22,514 [INFO] ブランド再確認中(CA): Aquila
2026-03-07 17:47:28,257 [INFO] ブランド再確認中(CA): マザーツール
2026-03-07 17:47:45,373 [INFO] ブランド【マザーツール】が再判定で出品可能(〇)に昇格しました！
2026-03-07 17:47:45,375 [INFO] ブランド再確認中(CA): OPTIMUS(オプティマス)
2026-03-07 17:47:51,026 [INFO] ブランド再確認中(CA): Way Huge
2026-03-07 17:48:01,025 [INFO] ブランド再確認中(CA): ダルトン(Dulton)
2026-03-07 17:48:10,346 [INFO] ブランド再確認中(CA): オートソック(Autosock)
2026-03-07 17:48:19,563 [INFO] ブランド再確認中(CA): 富士通
2026-03-07 17:48:32,504 [INFO] ブランド再確認中(CA): Ka-Bar
2026-03-07 17:48:38,243 [INFO] ブランド再確認中(CA): ターナー色彩(Turner Color)
2026-03-07 17:48:45,905 [INFO] ブランド再確認中(CA): 505 Games
2026-03-07 17:48:55,199 [INFO] ブランド再確認中(CA): ケーエスツールズ(KS Tools)
2026-03-07 17:49:00,846 [INFO] ブランド再確認中(CA): ナニワ研磨工業
2026-03-07 17:49:10,137 [INFO] ブランド再確認中(CA): Dream On Me
2026-03-07 17:49:17,717 [INFO] ブランド再確認中(CA): NIS America
2026-03-07 17:49:26,847 [INFO] ブランド再確認中(CA): Deep Silver
2026-03-07 17:49:36,137 [INFO] ブランド再確認中(CA): ティーシーエレクトロニック(Tc Electronic)
2026-03-07 17:49:45,493 [INFO] ブランド再確認中(CA): FirstMate
2026-03-07 17:49:52,968 [INFO] ブランド再確認中(CA): HUNTER
2026-03-07 17:50:02,308 [INFO] ブランド再確認中(CA): Odyssey
2026-03-07 17:50:11,941 [INFO] ブランド再確認中(CA): Godin
2026-03-07 17:50:21,311 [INFO] ブランド再確認中(CA): HALEO
2026-03-07 17:50:25,144 [INFO] ブランド再確認中(CA): トーヨーセフティー(TOYO SAFETY)
2026-03-07 17:50:35,046 [INFO] ブランド【トーヨーセフティー(TOYO SAFETY)】が再判定で出品可能(〇)に昇格しました！
2026-03-07 17:50:35,049 [INFO] ブランド再確認中(CA): Palmer
2026-03-07 17:50:44,466 [INFO] ブランド再確認中(CA): ニキ(NICI)
2026-03-07 17:50:53,720 [INFO] ブランド再確認中(CA): Adam's Polishes
2026-03-07 17:50:57,555 [INFO] ブランド再確認中(CA): AZ(エーゼット)
2026-03-07 17:51:28,649 [INFO] ブランド再確認中(CA): SELDER
